******************************************************************************
                  TI ARM Linker PC v20.2.7                     
******************************************************************************
>> Linked Mon Mar 20 08:41:21 2023

OUTPUT FILE NAME:   <Lab5.out>
ENTRY POINT SYMBOL: "_c_int00_noargs"  address: 00000e95


MEMORY CONFIGURATION

         name            origin    length      used     unused   attr    fill
----------------------  --------  ---------  --------  --------  ----  --------
  FLASH                 00000000   00040000  00000f50  0003f0b0  R  X
  SRAM                  20000000   00008000  00000337  00007cc9  RW X


SEGMENT ALLOCATION MAP

run origin  load origin   length   init length attrs members
----------  ----------- ---------- ----------- ----- -------
00000000    00000000    00000f50   00000f50    r-x
  00000000    00000000    0000026c   0000026c    r-- .intvecs
  0000026c    0000026c    00000c9a   00000c9a    r-x .text
  00000f06    00000f06    0000000a   0000000a    r-- .const
  00000f10    00000f10    00000040   00000040    r-- .cinit
20000000    20000000    00000337   00000000    rw-
  20000000    20000000    00000200   00000000    rw- .stack
  20000200    20000200    00000124   00000000    rw- .bss
  20000324    20000324    00000013   00000000    rw- .data


SECTION ALLOCATION MAP

 output                                  attributes/
section   page    origin      length       input sections
--------  ----  ----------  ----------   ----------------
.intvecs   0    00000000    0000026c     
                  00000000    0000026c     strt_ccs.obj (.intvecs)

.text      0    0000026c    00000c9a     
                  0000026c    00000290     lcd.obj (.text)
                  000004fc    00000254     main.obj (.text)
                  00000750    000001ac     uart0.obj (.text)
                  000008fc    00000104     button.obj (.text)
                  00000a00    000000f0     swtimers.obj (.text)
                  00000af0    000000b8     messages.obj (.text)
                  00000ba8    000000b4     systick.obj (.text)
                  00000c5c    0000009c     rtsv7M4_T_le_v4SPD16_eabi.lib : memcpy_t2.asm.obj (.text)
                  00000cf8    00000084     queue.obj (.text)
                  00000d7c    0000006c     gpio.obj (.text)
                  00000de8    00000068     rtsv7M4_T_le_v4SPD16_eabi.lib : copy_decompress_lzss.c.obj (.text:decompress:lzss:__TI_decompress_lzss)
                  00000e50    00000044                                   : autoinit.c.obj (.text:__TI_auto_init_nobinit_nopinit:__TI_auto_init_nobinit_nopinit)
                  00000e94    00000034                                   : boot_cortex_m.c.obj (.text:_c_int00_noargs:_c_int00_noargs)
                  00000ec8    0000001c                                   : copy_zero_init.c.obj (.text:decompress:ZI:__TI_zero_init_nomemset:__TI_zero_init_nomemset)
                  00000ee4    0000000e                                   : copy_decompress_none.c.obj (.text:decompress:none:__TI_decompress_none)
                  00000ef2    0000000c     strt_ccs.obj (.text)
                  00000efe    00000004     rtsv7M4_T_le_v4SPD16_eabi.lib : pre_init.c.obj (.text:_system_pre_init)
                  00000f02    00000004                                   : exit.c.obj (.text:abort:abort)

.const     0    00000f06    0000000a     
                  00000f06    0000000a     lcd.obj (.const:.string:LCD_init_sequense)

.cinit     0    00000f10    00000040     
                  00000f10    00000015     (.cinit..data.load) [load image, compression = lzss]
                  00000f25    00000003     --HOLE-- [fill = 0]
                  00000f28    0000000c     (__TI_handler_table)
                  00000f34    00000004     --HOLE-- [fill = 0]
                  00000f38    00000008     (.cinit..bss.load) [load image, compression = zero_init]
                  00000f40    00000010     (__TI_cinit_table)

.init_array 
*          0    00000000    00000000     UNINITIALIZED

.bss       0    20000200    00000124     UNINITIALIZED
                  20000200    00000080     (.common:output_queue)
                  20000280    00000040     (.common:msg_event)
                  200002c0    00000040     (.common:msg_state)
                  20000300    00000020     (.common:POT)
                  20000320    00000003     main.obj (.bss)
                  20000323    00000001     (.common:LCD_init)

.data      0    20000324    00000013     UNINITIALIZED
                  20000324    00000008     systick.obj (.data)
                  2000032c    00000006     main.obj (.data)
                  20000332    00000002     lcd.obj (.data)
                  20000334    00000002     queue.obj (.data)
                  20000336    00000001     button.obj (.data)

.stack     0    20000000    00000200     UNINITIALIZED
                  20000000    00000004     rtsv7M4_T_le_v4SPD16_eabi.lib : boot_cortex_m.c.obj (.stack)
                  20000004    000001fc     --HOLE--

__llvm_prf_cnts 
*          0    20000000    00000000     UNINITIALIZED

MODULE SUMMARY

       Module                       code   ro data   rw data
       ------                       ----   -------   -------
    .\
       strt_ccs.obj                 12     620       0      
       main.obj                     596    0         9      
       button.obj                   260    0         1      
    +--+----------------------------+------+---------+---------+
       Total:                       868    620       10     
                                                            
    .\protected\
       lcd.obj                      656    10        3      
       uart0.obj                    428    0         0      
       messages.obj                 184    0         128    
       swtimers.obj                 240    0         32     
       queue.obj                    132    0         130    
       systick.obj                  180    0         8      
       gpio.obj                     108    0         0      
    +--+----------------------------+------+---------+---------+
       Total:                       1928   10        301    
                                                            
    C:\ti\ccs1220\ccs\tools\compiler\ti-cgt-arm_20.2.7.LTS\lib\rtsv7M4_T_le_v4SPD16_eabi.lib
       memcpy_t2.asm.obj            156    0         0      
       copy_decompress_lzss.c.obj   104    0         0      
       autoinit.c.obj               68     0         0      
       boot_cortex_m.c.obj          52     0         0      
       copy_zero_init.c.obj         28     0         0      
       copy_decompress_none.c.obj   14     0         0      
       exit.c.obj                   4      0         0      
       pre_init.c.obj               4      0         0      
    +--+----------------------------+------+---------+---------+
       Total:                       430    0         0      
                                                            
       Stack:                       0      0         512    
       Linker Generated:            0      57        0      
    +--+----------------------------+------+---------+---------+
       Grand Total:                 3226   687       823    


LINKER GENERATED COPY TABLES

__TI_cinit_table @ 00000f40 records: 2, size/record: 8, table size: 16
	.data: load addr=00000f10, load size=00000015 bytes, run addr=20000324, run size=00000013 bytes, compression=lzss
	.bss: load addr=00000f38, load size=00000008 bytes, run addr=20000200, run size=00000124 bytes, compression=zero_init


LINKER GENERATED HANDLER TABLE

__TI_handler_table @ 00000f28 records: 3, size/record: 4, table size: 12
	index: 0, handler: __TI_decompress_lzss
	index: 1, handler: __TI_decompress_none
	index: 2, handler: __TI_zero_init


GLOBAL SYMBOLS: SORTED ALPHABETICALLY BY Name 

address   name                          
-------   ----                          
00000f03  C$$EXIT                       
20000323  LCD_init                      
00000f06  LCD_init_sequense             
20000332  LCD_state                     
20000300  POT                           
00000ef3  ResetISR                      
000003f9  Set_cursor                    
20000200  __STACK_END                   
00000200  __STACK_SIZE                  
20000200  __STACK_TOP                   
00000f40  __TI_CINIT_Base               
00000f50  __TI_CINIT_Limit              
00000f28  __TI_Handler_Table_Base       
00000f34  __TI_Handler_Table_Limit      
00000e51  __TI_auto_init_nobinit_nopinit
00000de9  __TI_decompress_lzss          
00000ee5  __TI_decompress_none          
ffffffff  __TI_pprof_out_hndl           
ffffffff  __TI_prof_data_size           
ffffffff  __TI_prof_data_start          
00000000  __TI_static_base__            
00000ec9  __TI_zero_init_nomemset       
00000c5d  __aeabi_memcpy                
00000c5d  __aeabi_memcpy4               
00000c5d  __aeabi_memcpy8               
ffffffff  __binit__                     
ffffffff  __c_args__                    
UNDEFED   __mpu_init                    
20000000  __stack                       
20000000  __start___llvm_prf_cnts       
20000000  __stop___llvm_prf_cnts        
00000e95  _c_int00_noargs               
UNDEFED   _system_post_cinit            
00000eff  _system_pre_init              
00000f03  abort                         
2000032c  alive_timer                   
ffffffff  binit                         
000008fd  button_pushed                 
00000911  button_task                   
000003e5  clr_LCD                       
20000328  delayCounter                  
00000bc3  delay_ms_systick              
00000be5  disable_global_int            
00000be1  enable_global_int             
20000334  firstPos                      
00000000  g_pfnVectors                  
00000af1  get_msg_event                 
00000b53  get_msg_state                 
000003ef  home_LCD                      
00000d7d  init_gpio                     
00000aa9  init_swtimers                 
00000be9  init_systick                  
20000335  lastPos                       
00000421  lcd_task                      
00000751  lcrh_databits                 
00000795  lcrh_parity                   
0000077b  lcrh_stopbits                 
000006a5  main                          
00000c5d  memcpy                        
0000029b  move_LCD                      
20000280  msg_event                     
200002c0  msg_state                     
00000409  out_LCD                       
00000397  out_LCD_high                  
0000034d  out_LCD_low                   
20000200  output_queue                  
00000b2f  put_msg_event                 
00000b7d  put_msg_state                 
00000d5f  queueHasData                  
00000d27  queue_get                     
00000cf9  queue_put                     
00000a17  start_swtimer                 
00000a4f  swt_ctrl                      
00000a01  swtimer                       
00000ba9  systick_handler               
20000324  ticks                         
000007e9  uart0_fifos_disable           
000007dd  uart0_fifos_enable            
000007ff  uart0_getc                    
00000827  uart0_init                    
00000813  uart0_putc                    
000007f5  uart0_rx_rdy                  
00000807  uart0_tx_rdy                  
000004fd  update_display                
0000026d  wr_ch_LCD                     
000003ad  wr_ctrl_LCD                   
00000337  wr_ctrl_LCD_high              
000002d1  wr_ctrl_LCD_low               
0000027d  wr_str_LCD                    


GLOBAL SYMBOLS: SORTED BY Symbol Address 

address   name                          
-------   ----                          
00000000  __TI_static_base__            
00000000  g_pfnVectors                  
00000200  __STACK_SIZE                  
0000026d  wr_ch_LCD                     
0000027d  wr_str_LCD                    
0000029b  move_LCD                      
000002d1  wr_ctrl_LCD_low               
00000337  wr_ctrl_LCD_high              
0000034d  out_LCD_low                   
00000397  out_LCD_high                  
000003ad  wr_ctrl_LCD                   
000003e5  clr_LCD                       
000003ef  home_LCD                      
000003f9  Set_cursor                    
00000409  out_LCD                       
00000421  lcd_task                      
000004fd  update_display                
000006a5  main                          
00000751  lcrh_databits                 
0000077b  lcrh_stopbits                 
00000795  lcrh_parity                   
000007dd  uart0_fifos_enable            
000007e9  uart0_fifos_disable           
000007f5  uart0_rx_rdy                  
000007ff  uart0_getc                    
00000807  uart0_tx_rdy                  
00000813  uart0_putc                    
00000827  uart0_init                    
000008fd  button_pushed                 
00000911  button_task                   
00000a01  swtimer                       
00000a17  start_swtimer                 
00000a4f  swt_ctrl                      
00000aa9  init_swtimers                 
00000af1  get_msg_event                 
00000b2f  put_msg_event                 
00000b53  get_msg_state                 
00000b7d  put_msg_state                 
00000ba9  systick_handler               
00000bc3  delay_ms_systick              
00000be1  enable_global_int             
00000be5  disable_global_int            
00000be9  init_systick                  
00000c5d  __aeabi_memcpy                
00000c5d  __aeabi_memcpy4               
00000c5d  __aeabi_memcpy8               
00000c5d  memcpy                        
00000cf9  queue_put                     
00000d27  queue_get                     
00000d5f  queueHasData                  
00000d7d  init_gpio                     
00000de9  __TI_decompress_lzss          
00000e51  __TI_auto_init_nobinit_nopinit
00000e95  _c_int00_noargs               
00000ec9  __TI_zero_init_nomemset       
00000ee5  __TI_decompress_none          
00000ef3  ResetISR                      
00000eff  _system_pre_init              
00000f03  C$$EXIT                       
00000f03  abort                         
00000f06  LCD_init_sequense             
00000f28  __TI_Handler_Table_Base       
00000f34  __TI_Handler_Table_Limit      
00000f40  __TI_CINIT_Base               
00000f50  __TI_CINIT_Limit              
20000000  __stack                       
20000000  __start___llvm_prf_cnts       
20000000  __stop___llvm_prf_cnts        
20000200  __STACK_END                   
20000200  __STACK_TOP                   
20000200  output_queue                  
20000280  msg_event                     
200002c0  msg_state                     
20000300  POT                           
20000323  LCD_init                      
20000324  ticks                         
20000328  delayCounter                  
2000032c  alive_timer                   
20000332  LCD_state                     
20000334  firstPos                      
20000335  lastPos                       
ffffffff  __TI_pprof_out_hndl           
ffffffff  __TI_prof_data_size           
ffffffff  __TI_prof_data_start          
ffffffff  __binit__                     
ffffffff  __c_args__                    
ffffffff  binit                         
UNDEFED   __mpu_init                    
UNDEFED   _system_post_cinit            

[89 symbols]
