******************************************************************************
                  TI ARM Linker PC v20.2.7                     
******************************************************************************
>> Linked Thu Feb 16 11:06:33 2023

OUTPUT FILE NAME:   <Assignment1.out>
ENTRY POINT SYMBOL: "_c_int00_noargs"  address: 0000064d


MEMORY CONFIGURATION

         name            origin    length      used     unused   attr    fill
----------------------  --------  ---------  --------  --------  ----  --------
  FLASH                 00000000   00040000  000006c2  0003f93e  R  X
  SRAM                  20000000   00008000  0000020d  00007df3  RW X


SEGMENT ALLOCATION MAP

run origin  load origin   length   init length attrs members
----------  ----------- ---------- ----------- ----- -------
00000000    00000000    000006c8   000006c8    r-x
  00000000    00000000    0000026c   0000026c    r-- .intvecs
  0000026c    0000026c    00000436   00000436    r-x .text
  000006a8    000006a8    00000020   00000020    r-- .cinit
20000000    20000000    0000020d   00000000    rw-
  20000000    20000000    00000200   00000000    rw- .stack
  20000200    20000200    0000000d   00000000    rw- .data


SECTION ALLOCATION MAP

 output                                  attributes/
section   page    origin      length       input sections
--------  ----  ----------  ----------   ----------------
.intvecs   0    00000000    0000026c     
                  00000000    0000026c     strt_ccs.obj (.intvecs)

.text      0    0000026c    00000436     
                  0000026c    00000164     main.obj (.text)
                  000003d0    000000a0     systick.obj (.text)
                  00000470    0000009c     rtsv7M4_T_le_v4SPD16_eabi.lib : memcpy_t2.asm.obj (.text)
                  0000050c    00000094     io.obj (.text)
                  000005a0    00000068     rtsv7M4_T_le_v4SPD16_eabi.lib : copy_decompress_lzss.c.obj (.text:decompress:lzss:__TI_decompress_lzss)
                  00000608    00000044                                   : autoinit.c.obj (.text:__TI_auto_init_nobinit_nopinit:__TI_auto_init_nobinit_nopinit)
                  0000064c    00000034                                   : boot_cortex_m.c.obj (.text:_c_int00_noargs:_c_int00_noargs)
                  00000680    0000000e                                   : copy_decompress_none.c.obj (.text:decompress:none:__TI_decompress_none)
                  0000068e    0000000c     strt_ccs.obj (.text)
                  0000069a    00000004     rtsv7M4_T_le_v4SPD16_eabi.lib : pre_init.c.obj (.text:_system_pre_init)
                  0000069e    00000004                                   : exit.c.obj (.text:abort:abort)

.cinit     0    000006a8    00000020     
                  000006a8    00000010     (.cinit..data.load) [load image, compression = lzss]
                  000006b8    00000008     (__TI_handler_table)
                  000006c0    00000008     (__TI_cinit_table)

.init_array 
*          0    00000000    00000000     UNINITIALIZED

.data      0    20000200    0000000d     UNINITIALIZED
                  20000200    00000008     main.obj (.data:colorArray)
                  20000208    00000004     systick.obj (.data)
                  2000020c    00000001     main.obj (.data)

.stack     0    20000000    00000200     UNINITIALIZED
                  20000000    00000004     rtsv7M4_T_le_v4SPD16_eabi.lib : boot_cortex_m.c.obj (.stack)
                  20000004    000001fc     --HOLE--

__llvm_prf_cnts 
*          0    20000000    00000000     UNINITIALIZED

MODULE SUMMARY

       Module                       code   ro data   rw data
       ------                       ----   -------   -------
    .\
       strt_ccs.obj                 12     620       0      
       main.obj                     356    0         9      
       systick.obj                  160    0         4      
       io.obj                       148    0         0      
    +--+----------------------------+------+---------+---------+
       Total:                       676    620       13     
                                                            
    C:\ti\ccs1220\ccs\tools\compiler\ti-cgt-arm_20.2.7.LTS\lib\rtsv7M4_T_le_v4SPD16_eabi.lib
       memcpy_t2.asm.obj            156    0         0      
       copy_decompress_lzss.c.obj   104    0         0      
       autoinit.c.obj               68     0         0      
       boot_cortex_m.c.obj          52     0         0      
       copy_decompress_none.c.obj   14     0         0      
       exit.c.obj                   4      0         0      
       pre_init.c.obj               4      0         0      
    +--+----------------------------+------+---------+---------+
       Total:                       402    0         0      
                                                            
       Stack:                       0      0         512    
       Linker Generated:            0      32        0      
    +--+----------------------------+------+---------+---------+
       Grand Total:                 1078   652       525    


LINKER GENERATED COPY TABLES

__TI_cinit_table @ 000006c0 records: 1, size/record: 8, table size: 8
	.data: load addr=000006a8, load size=00000010 bytes, run addr=20000200, run size=0000000d bytes, compression=lzss


LINKER GENERATED HANDLER TABLE

__TI_handler_table @ 000006b8 records: 2, size/record: 4, table size: 8
	index: 0, handler: __TI_decompress_lzss
	index: 1, handler: __TI_decompress_none


GLOBAL SYMBOLS: SORTED ALPHABETICALLY BY Name 

address   name                          
-------   ----                          
0000069f  C$$EXIT                       
00000565  GPIOFHandler                  
0000068f  ResetISR                      
20000200  __STACK_END                   
00000200  __STACK_SIZE                  
20000200  __STACK_TOP                   
000006c0  __TI_CINIT_Base               
000006c8  __TI_CINIT_Limit              
000006b8  __TI_Handler_Table_Base       
000006c0  __TI_Handler_Table_Limit      
00000609  __TI_auto_init_nobinit_nopinit
000005a1  __TI_decompress_lzss          
00000681  __TI_decompress_none          
ffffffff  __TI_pprof_out_hndl           
ffffffff  __TI_prof_data_size           
ffffffff  __TI_prof_data_start          
00000000  __TI_static_base__            
00000471  __aeabi_memcpy                
00000471  __aeabi_memcpy4               
00000471  __aeabi_memcpy8               
ffffffff  __binit__                     
ffffffff  __c_args__                    
UNDEFED   __mpu_init                    
20000000  __stack                       
20000000  __start___llvm_prf_cnts       
20000000  __stop___llvm_prf_cnts        
0000064d  _c_int00_noargs               
UNDEFED   _system_post_cinit            
0000069b  _system_pre_init              
0000069f  abort                         
ffffffff  binit                         
2000020c  button_pressed                
20000200  colorArray                    
00000439  delay                         
000002cb  does_user_want_auto_mode      
00000000  g_pfnVectors                  
00000315  handle_auto_mode              
0000050d  init_io                       
000003e1  init_systick                  
00000343  main                          
00000471  memcpy                        
000003d1  systick_handler               
20000208  ticks                         
0000026d  update_leds                   


GLOBAL SYMBOLS: SORTED BY Symbol Address 

address   name                          
-------   ----                          
00000000  __TI_static_base__            
00000000  g_pfnVectors                  
00000200  __STACK_SIZE                  
0000026d  update_leds                   
000002cb  does_user_want_auto_mode      
00000315  handle_auto_mode              
00000343  main                          
000003d1  systick_handler               
000003e1  init_systick                  
00000439  delay                         
00000471  __aeabi_memcpy                
00000471  __aeabi_memcpy4               
00000471  __aeabi_memcpy8               
00000471  memcpy                        
0000050d  init_io                       
00000565  GPIOFHandler                  
000005a1  __TI_decompress_lzss          
00000609  __TI_auto_init_nobinit_nopinit
0000064d  _c_int00_noargs               
00000681  __TI_decompress_none          
0000068f  ResetISR                      
0000069b  _system_pre_init              
0000069f  C$$EXIT                       
0000069f  abort                         
000006b8  __TI_Handler_Table_Base       
000006c0  __TI_CINIT_Base               
000006c0  __TI_Handler_Table_Limit      
000006c8  __TI_CINIT_Limit              
20000000  __stack                       
20000000  __start___llvm_prf_cnts       
20000000  __stop___llvm_prf_cnts        
20000200  __STACK_END                   
20000200  __STACK_TOP                   
20000200  colorArray                    
20000208  ticks                         
2000020c  button_pressed                
ffffffff  __TI_pprof_out_hndl           
ffffffff  __TI_prof_data_size           
ffffffff  __TI_prof_data_start          
ffffffff  __binit__                     
ffffffff  __c_args__                    
ffffffff  binit                         
UNDEFED   __mpu_init                    
UNDEFED   _system_post_cinit            

[44 symbols]
